// Jest Snapshot v1, https://goo.gl/fbAQLP

exports[`renders homepage unchanged 1`] = `
<div>
  <main>
    <h1>
      Foodgood
    </h1>
  </main>
</div>
`;
